Need to install the following packages:
jest@30.4.2
